 ⨯ Error: Could not find the module "C:\Users\ADMIN\Desktop\athonesayate\node_modules\next\dist\next-devtools\userspace\app\segment-explorer-node.js#SegmentViewNode" in the React Client Manifest. This is probably a bug in the React Server Components bundler.
    at stringify (<anonymous>) {
  digest: '752251653'
}
 ⨯ Error: Could not find the module "C:\Users\ADMIN\Desktop\athonesayate\node_modules\next\dist\next-devtools\userspace\app\segment-explorer-node.js#SegmentViewNode" in the React Client Manifest. This is probably a bug in the React Server Components bundler.
    at stringify (<anonymous>)
    at stringify (<anonymous>) {
  digest: '1182372865'
}
 ⨯ Error: Could not find the module "C:\Users\ADMIN\Desktop\athonesayate\node_modules\next\dist\next-devtools\userspace\app\segment-explorer-node.js#SegmentViewNode" in the React Client Manifest. This is probably a bug in the React Server Components bundler.
    at stringify (<anonymous>)
    at stringify (<anonymous>) {
  digest: '1182372865'
}
 ⨯ Error: Could not find the module "C:\Users\ADMIN\Desktop\athonesayate\node_modules\next\dist\next-devtools\userspace\app\segment-explorer-node.js#SegmentViewNode" in the React Client Manifest. This is probably a bug in the React Server Components bundler.
    at stringify (<anonymous>)
    at stringify (<anonymous>) {
  digest: '1182372865'
}
 ⨯ Error: Could not find the module "C:\Users\ADMIN\Desktop\athonesayate\node_modules\next\dist\next-devtools\userspace\app\segment-explorer-node.js#SegmentViewNode" in the React Client Manifest. This is probably a bug in the React Server Components bundler.
    at stringify (<anonymous>) {
  digest: '752251653'
}
 ⨯ Error: Could not find the module "C:\Users\ADMIN\Desktop\athonesayate\node_modules\next\dist\next-devtools\userspace\app\segment-explorer-node.js#SegmentViewNode" in the React Client Manifest. This is probably a bug in the React Server Components bundler.
    at stringify (<anonymous>) {
  digest: '752251653'
}
 ⨯ [TypeError: __webpack_modules__[moduleId] is not a function] {
  digest: '2891456588'
}
 ⨯ Error: Could not find the module "C:\Users\ADMIN\Desktop\athonesayate\node_modules\next\dist\next-devtools\userspace\app\segment-explorer-node.js#SegmentViewNode" in the React Client Manifest. This is probably a bug in the React Server Components bundler.
    at stringify (<anonymous>) {
  digest: '752251653'
}
[TypeError: __webpack_modules__[moduleId] is not a function]
 ⨯ [TypeError: __webpack_modules__[moduleId] is not a function]
 ⨯ [TypeError: __webpack_modules__[moduleId] is not a function] {
  page: '/'
}
 ⨯ [Error: ENOENT: no such file or directory, open 'C:\Users\ADMIN\Desktop\athonesayate\apps\landing\.next\server\app-paths-manifest.json'] {
  errno: -4058,
  code: 'ENOENT',
  syscall: 'open',
  path: 'C:\\Users\\ADMIN\\Desktop\\athonesayate\\apps\\landing\\.next\\server\\app-paths-manifest.json',
  page: '/'
}
 ⨯ [Error: ENOENT: no such file or directory, open 'C:\Users\ADMIN\Desktop\athonesayate\apps\landing\.next\server\pages-manifest.json'] {
  errno: -4058,
  code: 'ENOENT',
  syscall: 'open',
  path: 'C:\\Users\\ADMIN\\Desktop\\athonesayate\\apps\\landing\\.next\\server\\pages-manifest.json'
}
[Error: ENOENT: no such file or directory, open 'C:\Users\ADMIN\Desktop\athonesayate\apps\landing\.next\server\app-paths-manifest.json'] {
  errno: -4058,
  code: 'ENOENT',
  syscall: 'open',
  path: 'C:\\Users\\ADMIN\\Desktop\\athonesayate\\apps\\landing\\.next\\server\\app-paths-manifest.json',
  page: '/'
}
 ⨯ [Error: ENOENT: no such file or directory, open 'C:\Users\ADMIN\Desktop\athonesayate\apps\landing\.next\server\pages-manifest.json'] {
  errno: -4058,
  code: 'ENOENT',
  syscall: 'open',
  path: 'C:\\Users\\ADMIN\\Desktop\\athonesayate\\apps\\landing\\.next\\server\\pages-manifest.json'
}
[Error: ENOENT: no such file or directory, open 'C:\Users\ADMIN\Desktop\athonesayate\apps\landing\.next\routes-manifest.json'] {
  errno: -4058,
  code: 'ENOENT',
  syscall: 'open',
  path: 'C:\\Users\\ADMIN\\Desktop\\athonesayate\\apps\\landing\\.next\\routes-manifest.json'
}
 ⨯ [Error: ENOENT: no such file or directory, open 'C:\Users\ADMIN\Desktop\athonesayate\apps\landing\.next\server\app-paths-manifest.json'] {
  errno: -4058,
  code: 'ENOENT',
  syscall: 'open',
  path: 'C:\\Users\\ADMIN\\Desktop\\athonesayate\\apps\\landing\\.next\\server\\app-paths-manifest.json',
  page: '/'
}
 ⨯ [Error: ENOENT: no such file or directory, open 'C:\Users\ADMIN\Desktop\athonesayate\apps\landing\.next\server\pages-manifest.json'] {
  errno: -4058,
  code: 'ENOENT',
  syscall: 'open',
  path: 'C:\\Users\\ADMIN\\Desktop\\athonesayate\\apps\\landing\\.next\\server\\pages-manifest.json'
}
[Error: ENOENT: no such file or directory, open 'C:\Users\ADMIN\Desktop\athonesayate\apps\landing\.next\server\app-paths-manifest.json'] {
  errno: -4058,
  code: 'ENOENT',
  syscall: 'open',
  path: 'C:\\Users\\ADMIN\\Desktop\\athonesayate\\apps\\landing\\.next\\server\\app-paths-manifest.json',
  page: '/'
}
 ⨯ [Error: ENOENT: no such file or directory, open 'C:\Users\ADMIN\Desktop\athonesayate\apps\landing\.next\server\pages-manifest.json'] {
  errno: -4058,
  code: 'ENOENT',
  syscall: 'open',
  path: 'C:\\Users\\ADMIN\\Desktop\\athonesayate\\apps\\landing\\.next\\server\\pages-manifest.json'
}
[Error: ENOENT: no such file or directory, open 'C:\Users\ADMIN\Desktop\athonesayate\apps\landing\.next\routes-manifest.json'] {
  errno: -4058,
  code: 'ENOENT',
  syscall: 'open',
  path: 'C:\\Users\\ADMIN\\Desktop\\athonesayate\\apps\\landing\\.next\\routes-manifest.json'
}
